// Jest Snapshot v1, https://goo.gl/fbAQLP

exports[`tests on FirstApp should be equal an snapshot 1`] = `
<div>
  <h1
    data-testid="test-title"
  >
    Hello!!!
  </h1>
  <h2>
    Desempleado
  </h2>
  <h2>
    Desempleado
  </h2>
  <h3>
    Jcgl Juan Carlos
  </h3>
</div>
`;
